
> news-app@0.0.1 test:run
> vitest run


[1m[46m RUN [49m[22m [36mv4.0.18 [39m[90m/home/darksidr/projects/news[39m

 [32m✓[39m src/lib/server/services/translation-service.test.ts [2m([22m[2m9 tests[22m[2m)[22m[32m 6[2mms[22m[39m
 [32m✓[39m src/lib/server/news-utils.test.ts [2m([22m[2m23 tests[22m[2m)[22m[32m 6[2mms[22m[39m

[2m Test Files [22m [1m[32m2 passed[39m[22m[90m (2)[39m
[2m      Tests [22m [1m[32m32 passed[39m[22m[90m (32)[39m
[2m   Start at [22m 09:07:00
[2m   Duration [22m 197ms[2m (transform 72ms, setup 0ms, import 118ms, tests 12ms, environment 0ms)[22m

